{
    "Findings": [{
            "SchemaVersion": "2018-10-08",
            "Id": "deploy.sh",
            "ProductArn": "arn:aws:securityhub:test-region::product/aquasecurity/aquasecurity",
            "GeneratorId": "Tunnel",
            "AwsAccountId": "123456789012",
            "Types": [ "Sensitive Data Identifications" ],
            "CreatedAt": "2021-08-25T12:20:30.000000005Z",
            "UpdatedAt": "2021-08-25T12:20:30.000000005Z",
            "Severity": {
                "Label": "CRITICAL"
            },
            "Title": "Tunnel found a secret in deploy.sh: AWS Access Key ID",
            "Description": "Tunnel found a secret in deploy.sh: AWS Access Key ID",
            "ProductFields": { "Product Name": "Tunnel" },
            "Resources": [
                {
                    "Type": "Other",
                    "Id": "deploy.sh",
                    "Partition": "aws",
                    "Region": "test-region",
                    "Details": {
                        "Other": {
                            "Filename": "deploy.sh"
                        }
                    }
                }
            ],
            "RecordState": "ACTIVE"
        },{
            "SchemaVersion": "2018-10-08",
            "Id": "deploy.sh",
            "ProductArn": "arn:aws:securityhub:test-region::product/aquasecurity/aquasecurity",
            "GeneratorId": "Tunnel",
            "AwsAccountId": "123456789012",
            "Types": [ "Sensitive Data Identifications" ],
            "CreatedAt": "2021-08-25T12:20:30.000000005Z",
            "UpdatedAt": "2021-08-25T12:20:30.000000005Z",
            "Severity": {
                "Label": "CRITICAL"
            },
            "Title": "Tunnel found a secret in deploy.sh: GitHub Personal Access Token",
            "Description": "Tunnel found a secret in deploy.sh: GitHub Personal Access Token",
            "ProductFields": { "Product Name": "Tunnel" },
            "Resources": [
                {
                    "Type": "Other",
                    "Id": "deploy.sh",
                    "Partition": "aws",
                    "Region": "test-region",
                    "Details": {
                        "Other": {
                            "Filename": "deploy.sh"
                        }
                    }
                }
            ],
            "RecordState": "ACTIVE"
        }
    ]
}
